../Core/Inc/basicFunctions.h:7:6:HAL_TIM_IC_CaptureCallback	24	static
../Core/Inc/basicFunctions.h:39:6:HAL_GPIO_EXTI_Callback	16	static
../Core/Inc/basicFunctions.h:59:6:HAL_ADC_ConvCpltCallback	16	static
../Core/Inc/basicFunctions.h:67:6:readSensors	8	static
../Core/Inc/basicFunctions.h:130:6:printSensors	16	static
../Core/Inc/basicFunctions.h:142:6:calibrateLinesensor	8	static
../Core/Inc/basicFunctions.h:181:6:controlMotor	16	static
../Core/Inc/basicFunctions.h:188:6:driveMotorsRC	8	static
../Core/Inc/basicFunctions.h:203:6:seteMaisPerfeitoEsquerda	16	static
../Core/Inc/basicFunctions.h:219:6:seteMaisPerfeitoDireita	16	static
../Core/Inc/basicFunctions.h:236:6:setePerfeitoEsquerda	16	static
../Core/Inc/basicFunctions.h:255:6:setePerfeitoDireita	16	static
../Core/Inc/basicFunctions.h:271:6:seteLinha	8	static
../Core/Inc/basicFunctions.h:281:6:frente	8	static
../Core/Inc/basicFunctions.h:285:6:frenteVendo	8	static
../Core/Inc/basicFunctions.h:294:6:desempate	8	static
../Core/Inc/basicFunctions.h:301:6:seteEsquerda	16	static
../Core/Inc/basicFunctions.h:310:6:seteDireita	16	static
../Core/Inc/basicFunctions.h:319:6:inicialMoviment	8	static
../Core/Inc/basicFunctions.h:437:6:tranquinho	8	static
../Core/Inc/basicFunctions.h:479:6:nhecoNheco	8	static
../Core/Inc/basicFunctions.h:525:6:basicSearch	32	static
../Core/Inc/basicFunctions.h:735:6:lineEscape	24	static
../Core/Inc/basicFunctions.h:776:6:lineSearch	8	static
../Core/Inc/basicFunctions.h:787:6:selectIniRoutine	24	static
../Core/Inc/basicFunctions.h:823:7:map	32	static
../Core/Src/main.c:77:1:__io_putchar	16	static
../Core/Src/main.c:94:5:main	8	static
../Core/Src/main.c:191:6:SystemClock_Config	88	static
../Core/Src/main.c:242:13:MX_ADC1_Init	24	static
../Core/Src/main.c:291:13:MX_I2C1_Init	8	static
../Core/Src/main.c:322:13:MX_TIM1_Init	96	static
../Core/Src/main.c:397:13:MX_TIM2_Init	72	static
../Core/Src/main.c:464:13:MX_TIM3_Init	32	static
../Core/Src/main.c:506:13:MX_TIM5_Init	72	static
../Core/Src/main.c:573:13:MX_USART2_UART_Init	8	static
../Core/Src/main.c:604:13:MX_GPIO_Init	48	static
../Core/Src/main.c:678:6:Error_Handler	4	static,ignoring_inline_asm
